TextStyle.AffineTransform *glyph.AffineTransform
TextStyle.Align gui.TextAlignment
TextStyle.BgColor gui.Color
TextStyle.CellHeight float32
TextStyle.CellWidth float32
TextStyle.Color gui.Color
TextStyle.EmojiBoxWidth float32
TextStyle.Family string
TextStyle.Features *glyph.FontFeatures
TextStyle.Gradient *glyph.GradientConfig
TextStyle.LetterSpacing float32
TextStyle.LineSpacing float32
TextStyle.NoBuiltinBoxGlyphs bool
TextStyle.RotationRadians float32
TextStyle.Size float32
TextStyle.Strikethrough bool
TextStyle.StrokeColor gui.Color
TextStyle.StrokeWidth float32
TextStyle.Typeface glyph.Typeface
TextStyle.Underline bool
Theme.Cfg gui.ThemeCfg
Theme.ColorAccent gui.Color
Theme.ColorAccentHover gui.Color
Theme.ColorAccentPressed gui.Color
Theme.ColorAccentSubtle gui.Color
Theme.ColorActive gui.Color
Theme.ColorBackground gui.Color
Theme.ColorBorder gui.Color
Theme.ColorErrorSubtle gui.Color
Theme.ColorFocus gui.Color
Theme.ColorHover gui.Color
Theme.ColorInterior gui.Color
Theme.ColorPanel gui.Color
Theme.ColorSelect gui.Color
Theme.ColorSuccessSubtle gui.Color
Theme.ColorTextOnAccent gui.Color
Theme.ColorTextOnSelect gui.Color
Theme.ColorWarningSubtle gui.Color
Theme.Name string
Theme.PaddingButton gui.Padding
Theme.PaddingField gui.Padding
Theme.PaddingLarge gui.Padding
Theme.PaddingMedium gui.Padding
Theme.PaddingSmall gui.Padding
Theme.RadiusLarge float32
Theme.RadiusMedium float32
Theme.RadiusSmall float32
Theme.ScrollDeltaLine float32
Theme.ScrollDeltaPage float32
Theme.ScrollMultiplier float32
Theme.ScrollbarStyle gui.ScrollbarStyle
Theme.SizeBorder float32
Theme.SizeFieldMinWidth float32
Theme.SizeTextLarge float32
Theme.SizeTextMedium float32
Theme.SizeTextSmall float32
Theme.SizeTextTiny float32
Theme.SizeTextXLarge float32
Theme.SizeTextXSmall float32
Theme.Sounds gui.SoundSet
Theme.SpacingLarge float32
Theme.SpacingMedium float32
Theme.SpacingSmall float32
Theme.SpacingTight float32
Theme.TextStyleBody gui.TextStyle
Theme.TextStyleBodyLarge gui.TextStyle
Theme.TextStyleBodySmall gui.TextStyle
Theme.TextStyleCaption gui.TextStyle
Theme.TextStyleCaptionSmall gui.TextStyle
Theme.TextStyleCode gui.TextStyle
Theme.TextStyleCodeSmall gui.TextStyle
Theme.TextStyleCodeTiny gui.TextStyle
Theme.TextStyleDef gui.TextStyle
Theme.TextStyleDisabled gui.TextStyle
Theme.TextStyleDisplay gui.TextStyle
Theme.TextStyleError gui.TextStyle
Theme.TextStyleIconLarge gui.TextStyle
Theme.TextStyleIconMedium gui.TextStyle
Theme.TextStyleIconSmall gui.TextStyle
Theme.TextStyleIconTiny gui.TextStyle
Theme.TextStyleIconXLarge gui.TextStyle
Theme.TextStyleIconXSmall gui.TextStyle
Theme.TextStyleLabel gui.TextStyle
Theme.TextStylePlaceholder gui.TextStyle
Theme.TextStyleSecondary gui.TextStyle
Theme.TextStyleSuccess gui.TextStyle
Theme.TextStyleTitle gui.TextStyle
Theme.TextStyleTitleSmall gui.TextStyle
Theme.TextStyleWarning gui.TextStyle
Theme.TitlebarDark bool
ThemeCfg.ColorAccent gui.Color
ThemeCfg.ColorAccentHover gui.Color
ThemeCfg.ColorAccentPressed gui.Color
ThemeCfg.ColorAccentSubtle gui.Color
ThemeCfg.ColorActive gui.Color
ThemeCfg.ColorBackground gui.Color
ThemeCfg.ColorBorder gui.Color
ThemeCfg.ColorBorderFocus gui.Color
ThemeCfg.ColorError gui.Color
ThemeCfg.ColorErrorSubtle gui.Color
ThemeCfg.ColorFocus gui.Color
ThemeCfg.ColorHover gui.Color
ThemeCfg.ColorInterior gui.Color
ThemeCfg.ColorPanel gui.Color
ThemeCfg.ColorSelect gui.Color
ThemeCfg.ColorSeparator gui.Color
ThemeCfg.ColorSuccess gui.Color
ThemeCfg.ColorSuccessSubtle gui.Color
ThemeCfg.ColorTextDisabled gui.Color
ThemeCfg.ColorTextLabel gui.Color
ThemeCfg.ColorTextOnAccent gui.Color
ThemeCfg.ColorTextOnSelect gui.Color
ThemeCfg.ColorTextPlaceholder gui.Color
ThemeCfg.ColorTextSecondary gui.Color
ThemeCfg.ColorWarning gui.Color
ThemeCfg.ColorWarningSubtle gui.Color
ThemeCfg.FillBorder bool
ThemeCfg.FocusRing *gui.BoxShadow
ThemeCfg.IconFontFamily string
ThemeCfg.MonoFontFamily string
ThemeCfg.Name string
ThemeCfg.Padding gui.Padding
ThemeCfg.PaddingButton gui.Padding
ThemeCfg.PaddingField gui.Padding
ThemeCfg.PaddingLarge gui.Padding
ThemeCfg.PaddingMedium gui.Padding
ThemeCfg.PaddingSmall gui.Padding
ThemeCfg.Radius float32
ThemeCfg.RadiusLarge float32
ThemeCfg.RadiusMedium float32
ThemeCfg.RadiusSmall float32
ThemeCfg.ScrollDeltaLine float32
ThemeCfg.ScrollDeltaPage float32
ThemeCfg.ScrollMultiplier float32
ThemeCfg.ShadowDialog *gui.BoxShadow
ThemeCfg.ShadowPopover *gui.BoxShadow
ThemeCfg.SizeBorder float32
ThemeCfg.SizeFieldMinWidth float32
ThemeCfg.SizeProgressBar float32
ThemeCfg.SizeRadio float32
ThemeCfg.SizeScrollbar float32
ThemeCfg.SizeScrollbarGap gui.Opt[float32]
ThemeCfg.SizeScrollbarGapEnd gui.Opt[float32]
ThemeCfg.SizeScrollbarMin float32
ThemeCfg.SizeSeparator float32
ThemeCfg.SizeSlider float32
ThemeCfg.SizeSliderThumb float32
ThemeCfg.SizeSwitchHeight float32
ThemeCfg.SizeSwitchWidth float32
ThemeCfg.SizeTextLarge float32
ThemeCfg.SizeTextMedium float32
ThemeCfg.SizeTextSmall float32
ThemeCfg.SizeTextTiny float32
ThemeCfg.SizeTextXLarge float32
ThemeCfg.SizeTextXSmall float32
ThemeCfg.Sounds gui.SoundSet
ThemeCfg.SpacingLarge float32
ThemeCfg.SpacingMedium float32
ThemeCfg.SpacingSmall float32
ThemeCfg.SpacingTight float32
ThemeCfg.TextStyleDef gui.TextStyle
ThemeCfg.TitlebarDark bool
